"test.cl", line 1: syntax error at or near OBJECTID = inherts
Compilation halted due to lex and parse errors
